// Jest Snapshot v1, https://jestjs.io/docs/snapshot-testing

exports[`The Contact Page has expected snapshot 1`] = `
.emotion-0 {
  position: absolute;
  top: -40px;
  left: 6px;
  z-index: 1000;
}

.emotion-0 a {
  position: absolute;
  left: -9999px;
  width: 100%;
  height: 100%;
  overflow: hidden;
  background-color: #fa2742;
  color: #fff;
  padding: 8px;
  -webkit-text-decoration: none;
  text-decoration: none;
  border-radius: 4px;
}

.emotion-0 a:focus {
  position: static;
  left: auto;
  width: auto;
  height: auto;
  overflow: visible;
}

.emotion-1 {
  background-color: #fff;
  color: rgba(0, 0, 0, 0.87);
  -webkit-transition: box-shadow 300ms cubic-bezier(0.4, 0, 0.2, 1) 0ms;
  transition: box-shadow 300ms cubic-bezier(0.4, 0, 0.2, 1) 0ms;
  box-shadow: var(--Paper-shadow);
  background-image: var(--Paper-overlay);
  display: -webkit-box;
  display: -webkit-flex;
  display: -ms-flexbox;
  display: flex;
  -webkit-flex-direction: column;
  -ms-flex-direction: column;
  flex-direction: column;
  width: 100%;
  box-sizing: border-box;
  -webkit-flex-shrink: 0;
  -ms-flex-negative: 0;
  flex-shrink: 0;
  position: fixed;
  z-index: 1100;
  top: 0;
  left: auto;
  right: 0;
  --AppBar-background: #fa2742;
  --AppBar-color: #fff;
  background-color: var(--AppBar-background);
  color: var(--AppBar-color);
  background-color: #f8faf3;
  border: 8px solid;
  border-color: #373833;
  min-height: 60px;
  height: 60px;
  font-weight: 700;
  display: -webkit-box;
  display: -webkit-flex;
  display: -ms-flexbox;
  display: flex;
  -webkit-flex-direction: row;
  -ms-flex-direction: row;
  flex-direction: row;
  -webkit-box-pack: justify;
  -webkit-justify-content: space-between;
  justify-content: space-between;
  -webkit-align-items: center;
  -webkit-box-align: center;
  -ms-flex-align: center;
  align-items: center;
  box-shadow: none;
}

@media print {
  .emotion-1 {
    position: absolute;
  }
}

.emotion-2 {
  font-family: fontFamily;
  font-size: 30px;
  height: 100%;
  width: 60px;
  border-right: 8px solid;
  border-right-color: #373833;
  display: -webkit-box;
  display: -webkit-flex;
  display: -ms-flexbox;
  display: flex;
  -webkit-box-pack: center;
  -ms-flex-pack: center;
  -webkit-justify-content: center;
  justify-content: center;
  -webkit-align-items: center;
  -webkit-box-align: center;
  -ms-flex-align: center;
  align-items: center;
}

.emotion-2:hover {
  cursor: pointer;
}

.emotion-3 {
  margin: 0;
  font: inherit;
  line-height: inherit;
  letter-spacing: inherit;
  color: #fa2742;
  -webkit-text-decoration: none;
  text-decoration: none;
  color: #373833;
  width: 100%;
  text-align: center;
}

.emotion-3:hover {
  -webkit-text-decoration: underline;
  text-decoration: underline;
}

.emotion-3:hover {
  color: rgb(251, 82, 103);
  -webkit-text-decoration: none;
  text-decoration: none;
}

.emotion-3::before {
  content: "nf";
}

.emotion-4 {
  position: absolute;
  width: 1px;
  height: 1px;
  padding: 0px;
  margin: -1px;
  overflow: hidden;
  clip: rect(0, 0, 0, 0);
  border: 0px solid;
}

.emotion-5 {
  list-style: none;
  margin: 0;
  padding: 0;
  position: relative;
  padding-top: 8px;
  padding-bottom: 8px;
  list-style: none;
  display: -webkit-box;
  display: -webkit-flex;
  display: -ms-flexbox;
  display: flex;
}

.emotion-6 {
  display: -webkit-box;
  display: -webkit-flex;
  display: -ms-flexbox;
  display: flex;
  -webkit-box-pack: start;
  -ms-flex-pack: start;
  -webkit-justify-content: flex-start;
  justify-content: flex-start;
  -webkit-align-items: center;
  -webkit-box-align: center;
  -ms-flex-align: center;
  align-items: center;
  position: relative;
  -webkit-text-decoration: none;
  text-decoration: none;
  width: 100%;
  box-sizing: border-box;
  text-align: left;
  padding-top: 8px;
  padding-bottom: 8px;
  padding-left: 16px;
  padding-right: 16px;
  -webkit-transition: -webkit-transform 0.25s ease;
  transition: transform 0.25s ease;
}

.emotion-6:hover {
  -webkit-transform: scale(1.2);
  -moz-transform: scale(1.2);
  -ms-transform: scale(1.2);
  transform: scale(1.2);
}

.emotion-7 {
  margin: 0;
  font: inherit;
  line-height: inherit;
  letter-spacing: inherit;
  color: #fa2742;
  -webkit-text-decoration: none;
  text-decoration: none;
  box-sizing: border-box;
  letter-spacing: 1.25px;
  height: 100%;
  -webkit-text-decoration: none;
  text-decoration: none;
  color: #373833;
  -webkit-transition: color 0.25s ease;
  transition: color 0.25s ease;
}

.emotion-7:hover {
  -webkit-text-decoration: underline;
  text-decoration: underline;
}

.emotion-7:hover {
  color: rgb(251, 82, 103);
  -webkit-text-decoration: none;
  text-decoration: none;
}

.emotion-11 {
  margin: 0;
  font: inherit;
  line-height: inherit;
  letter-spacing: inherit;
  color: #fa2742;
  -webkit-text-decoration: none;
  text-decoration: none;
  border-bottom: 4px solid;
  border-bottom-color: rgb(251, 82, 103);
  box-sizing: border-box;
  letter-spacing: 1.25px;
  height: 100%;
  -webkit-text-decoration: none;
  text-decoration: none;
  color: #373833;
  -webkit-transition: color 0.25s ease;
  transition: color 0.25s ease;
}

.emotion-11:hover {
  -webkit-text-decoration: underline;
  text-decoration: underline;
}

.emotion-11:hover {
  color: rgb(251, 82, 103);
  -webkit-text-decoration: none;
  text-decoration: none;
}

.emotion-14 {
  width: 100%;
  margin-left: auto;
  box-sizing: border-box;
  margin-right: auto;
  padding-left: 16px;
  padding-right: 16px;
  margin-top: 60px;
  min-height: calc(var(--viewport-height) - 60px - 175px);
  padding: 0!important;
  max-width: 100%!important;
}

@media (min-width:600px) {
  .emotion-14 {
    padding-left: 24px;
    padding-right: 24px;
  }
}

@media (min-width:1200px) {
  .emotion-14 {
    max-width: 1200px;
  }
}

.emotion-15 {
  width: 100%;
  margin-left: auto;
  box-sizing: border-box;
  margin-right: auto;
  padding-left: 16px;
  padding-right: 16px;
  display: -webkit-box;
  display: -webkit-flex;
  display: -ms-flexbox;
  display: flex;
  -webkit-align-items: center;
  -webkit-box-align: center;
  -ms-flex-align: center;
  align-items: center;
  min-height: calc(var(--viewport-height) - 60px - 175px);
  width: auto;
  position: relative;
  overflow: hidden;
}

@media (min-width:600px) {
  .emotion-15 {
    padding-left: 24px;
    padding-right: 24px;
  }
}

@media (min-width:1200px) {
  .emotion-15 {
    max-width: 1200px;
  }
}

.emotion-16 {
  position: absolute;
  right: 0;
  top: 0;
  z-index: 0;
  pointer-events: none;
}

.emotion-17 {
  position: relative;
  max-height: 100%;
  aspect-ratio: 0.77;
  overflow: hidden;
  width: 175px;
}

@media (min-width: 401px) {
  .emotion-17 {
    width: 300px;
  }
}

@media (min-width: 600px) {
  .emotion-17 {
    width: 500px;
  }
}

.emotion-18 {
  position: relative;
  z-index: 1;
  height: auto;
  display: -webkit-box;
  display: -webkit-flex;
  display: -ms-flexbox;
  display: flex;
  -webkit-flex-direction: column;
  -ms-flex-direction: column;
  flex-direction: column;
  max-width: 500px;
}

@media (min-width:0px) {
  .emotion-18 {
    min-height: calc(var(--viewport-height) - 60px - 175px);
    -webkit-box-pack: end;
    -ms-flex-pack: end;
    -webkit-justify-content: flex-end;
    justify-content: flex-end;
  }
}

@media (min-width:900px) {
  .emotion-18 {
    min-height: calc(var(--viewport-height) - 60px - 175px);
    -webkit-box-pack: center;
    -ms-flex-pack: center;
    -webkit-justify-content: center;
    justify-content: center;
  }
}

.emotion-19 {
  margin: 16px;
}

.emotion-21 {
  margin: 0;
  font-family: fontFamily;
  font-weight: 300;
  font-size: 3.5rem;
  line-height: 1.167;
  margin-bottom: 0.35em;
}

@media (min-width:600px) {
  .emotion-21 {
    font-size: 4.7129rem;
  }
}

@media (min-width:900px) {
  .emotion-21 {
    font-size: 5.3556rem;
  }
}

@media (min-width:1200px) {
  .emotion-21 {
    font-size: 5.9983rem;
  }
}

.emotion-22 {
  margin: 0;
  font-size: 0.9rem;
  font-family: fontFamily;
  font-weight: 400;
  line-height: 1.43;
}

.emotion-23 {
  margin: 0;
  font: inherit;
  line-height: inherit;
  letter-spacing: inherit;
  color: #fa2742;
  -webkit-text-decoration: none;
  text-decoration: none;
  font-weight: 500;
  color: #fa2742;
}

.emotion-23:hover {
  -webkit-text-decoration: underline;
  text-decoration: underline;
}

.emotion-24 {
  background-color: #373833;
  color: #f8faf3;
  height: 175px;
  padding: 16px;
  display: -webkit-box;
  display: -webkit-flex;
  display: -ms-flexbox;
  display: flex;
  -webkit-box-pack: center;
  -ms-flex-pack: center;
  -webkit-justify-content: center;
  justify-content: center;
  -webkit-align-items: center;
  -webkit-box-align: center;
  -ms-flex-align: center;
  align-items: center;
}

.emotion-25 {
  max-width: 600px;
  display: grid;
  gap: 4px;
  text-align: center;
  height: 100%;
  width: 100%;
}

@media (min-width:0px) {
  .emotion-25 {
    grid-template-areas: "nav" "madeby" "copyright" "source";
  }
}

@media (min-width:600px) {
  .emotion-25 {
    grid-template-areas: "nav madeby" "nav copyright" "nav source";
  }
}

.emotion-26 {
  grid-area: nav;
  display: -webkit-box;
  display: -webkit-flex;
  display: -ms-flexbox;
  display: flex;
  -webkit-align-items: center;
  -webkit-box-align: center;
  -ms-flex-align: center;
  align-items: center;
  width: 100%;
  height: 100%;
}

@media (min-width:0px) {
  .emotion-26 {
    -webkit-box-pack: center;
    -ms-flex-pack: center;
    -webkit-justify-content: center;
    justify-content: center;
  }
}

@media (min-width:600px) {
  .emotion-26 {
    -webkit-box-pack: start;
    -ms-flex-pack: start;
    -webkit-justify-content: flex-start;
    justify-content: flex-start;
  }
}

.emotion-27 {
  width: 25%;
  height: 100%;
}

.emotion-28 {
  list-style: none;
  margin: 0;
  padding: 0;
  position: relative;
  padding-top: 8px;
  padding-bottom: 8px;
  list-style: none;
  display: -webkit-box;
  display: -webkit-flex;
  display: -ms-flexbox;
  display: flex;
  -webkit-box-pack: center;
  -ms-flex-pack: center;
  -webkit-justify-content: center;
  justify-content: center;
  -webkit-align-items: center;
  -webkit-box-align: center;
  -ms-flex-align: center;
  align-items: center;
  width: 100%;
  height: 100%;
  padding: 0px;
}

@media (min-width:0px) {
  .emotion-28 {
    -webkit-flex-direction: row;
    -ms-flex-direction: row;
    flex-direction: row;
  }
}

@media (min-width:600px) {
  .emotion-28 {
    -webkit-flex-direction: column;
    -ms-flex-direction: column;
    flex-direction: column;
  }
}

.emotion-29 {
  display: -webkit-box;
  display: -webkit-flex;
  display: -ms-flexbox;
  display: flex;
  -webkit-box-pack: start;
  -ms-flex-pack: start;
  -webkit-justify-content: flex-start;
  justify-content: flex-start;
  -webkit-align-items: center;
  -webkit-box-align: center;
  -ms-flex-align: center;
  align-items: center;
  position: relative;
  -webkit-text-decoration: none;
  text-decoration: none;
  width: 100%;
  box-sizing: border-box;
  text-align: left;
  padding-top: 8px;
  padding-bottom: 8px;
  padding-left: 16px;
  padding-right: 16px;
  padding: 0px;
  display: -webkit-box;
  display: -webkit-flex;
  display: -ms-flexbox;
  display: flex;
  -webkit-box-pack: center;
  -ms-flex-pack: center;
  -webkit-justify-content: center;
  justify-content: center;
  -webkit-align-items: center;
  -webkit-box-align: center;
  -ms-flex-align: center;
  align-items: center;
  -webkit-transition: -webkit-transform 0.25s ease;
  transition: transform 0.25s ease;
}

@media (min-width:0px) {
  .emotion-29 {
    margin: 8px;
  }
}

@media (min-width:600px) {
  .emotion-29 {
    margin: 24px;
  }
}

.emotion-29:hover {
  -webkit-transform: scale(1.2);
  -moz-transform: scale(1.2);
  -ms-transform: scale(1.2);
  transform: scale(1.2);
}

.emotion-30 {
  margin: 0;
  font: inherit;
  line-height: inherit;
  letter-spacing: inherit;
  color: #fa2742;
  -webkit-text-decoration: none;
  text-decoration: none;
  -webkit-text-decoration: none;
  text-decoration: none;
  height: 100%;
  width: 100%;
  display: -webkit-box;
  display: -webkit-flex;
  display: -ms-flexbox;
  display: flex;
  -webkit-box-pack: center;
  -ms-flex-pack: center;
  -webkit-justify-content: center;
  justify-content: center;
  -webkit-align-items: center;
  -webkit-box-align: center;
  -ms-flex-align: center;
  align-items: center;
}

.emotion-30:hover {
  -webkit-text-decoration: underline;
  text-decoration: underline;
}

.emotion-31 {
  display: -webkit-inline-box;
  display: -webkit-inline-flex;
  display: -ms-inline-flexbox;
  display: inline-flex;
  -webkit-align-items: center;
  -webkit-box-align: center;
  -ms-flex-align: center;
  align-items: center;
  -webkit-box-pack: center;
  -ms-flex-pack: center;
  -webkit-justify-content: center;
  justify-content: center;
  position: relative;
  box-sizing: border-box;
  -webkit-tap-highlight-color: transparent;
  background-color: transparent;
  outline: 0;
  border: 0;
  margin: 0;
  border-radius: 0;
  padding: 0;
  cursor: pointer;
  -webkit-user-select: none;
  -moz-user-select: none;
  -ms-user-select: none;
  user-select: none;
  vertical-align: middle;
  -moz-appearance: none;
  -webkit-appearance: none;
  -webkit-text-decoration: none;
  text-decoration: none;
  color: inherit;
  text-align: center;
  -webkit-flex: 0 0 auto;
  -ms-flex: 0 0 auto;
  flex: 0 0 auto;
  font-size: 1.5rem;
  padding: 8px;
  border-radius: 50%;
  color: rgba(0, 0, 0, 0.54);
  -webkit-transition: background-color 150ms cubic-bezier(0.4, 0, 0.2, 1) 0ms;
  transition: background-color 150ms cubic-bezier(0.4, 0, 0.2, 1) 0ms;
  --IconButton-hoverBg: rgba(0, 0, 0, 0.04);
  padding: 0px;
}

.emotion-31::-moz-focus-inner {
  border-style: none;
}

.emotion-31.Mui-disabled {
  pointer-events: none;
  cursor: default;
}

@media print {
  .emotion-31 {
    -webkit-print-color-adjust: exact;
    color-adjust: exact;
  }
}

.emotion-31:hover {
  background-color: var(--IconButton-hoverBg);
}

@media (hover: none) {
  .emotion-31:hover {
    background-color: transparent;
  }
}

.emotion-31.Mui-disabled {
  background-color: transparent;
  color: rgba(0, 0, 0, 0.26);
}

.emotion-31.MuiIconButton-loading {
  color: transparent;
}

.emotion-32 {
  -webkit-user-select: none;
  -moz-user-select: none;
  -ms-user-select: none;
  user-select: none;
  width: 1em;
  height: 1em;
  display: inline-block;
  -webkit-flex-shrink: 0;
  -ms-flex-negative: 0;
  flex-shrink: 0;
  -webkit-transition: fill 200ms cubic-bezier(0.4, 0, 0.2, 1) 0ms;
  transition: fill 200ms cubic-bezier(0.4, 0, 0.2, 1) 0ms;
  fill: currentColor;
  font-size: 1.5rem;
  color: #f8faf3;
}

.emotion-37 {
  grid-area: madeby;
  display: -webkit-box;
  display: -webkit-flex;
  display: -ms-flexbox;
  display: flex;
}

@media (min-width:0px) {
  .emotion-37 {
    -webkit-box-pack: center;
    -ms-flex-pack: center;
    -webkit-justify-content: center;
    justify-content: center;
    -webkit-align-items: center;
    -webkit-box-align: center;
    -ms-flex-align: center;
    align-items: center;
  }
}

@media (min-width:600px) {
  .emotion-37 {
    -webkit-box-pack: end;
    -ms-flex-pack: end;
    -webkit-justify-content: flex-end;
    justify-content: flex-end;
    -webkit-align-items: flex-end;
    -webkit-box-align: flex-end;
    -ms-flex-align: flex-end;
    align-items: flex-end;
  }
}

.emotion-38 {
  margin: 0;
  font-family: fontFamily;
  font-size: 26px;
}

@media (min-width:0px) {
  .emotion-38 {
    font-size: 24px;
  }
}

@media (min-width:600px) {
  .emotion-38 {
    font-size: 34px;
  }
}

.emotion-39 {
  margin: 0;
  font-family: fontFamily;
  font-weight: 400;
  font-size: 1rem;
  line-height: 1.5;
  display: inline;
  color: #fa2742;
}

.emotion-40 {
  grid-area: copyright;
  display: -webkit-box;
  display: -webkit-flex;
  display: -ms-flexbox;
  display: flex;
}

@media (min-width:0px) {
  .emotion-40 {
    -webkit-box-pack: center;
    -ms-flex-pack: center;
    -webkit-justify-content: center;
    justify-content: center;
    -webkit-align-items: center;
    -webkit-box-align: center;
    -ms-flex-align: center;
    align-items: center;
  }
}

@media (min-width:600px) {
  .emotion-40 {
    -webkit-box-pack: end;
    -ms-flex-pack: end;
    -webkit-justify-content: flex-end;
    justify-content: flex-end;
    -webkit-align-items: flex-end;
    -webkit-box-align: flex-end;
    -ms-flex-align: flex-end;
    align-items: flex-end;
  }
}

.emotion-41 {
  margin: 0;
  font-family: fontFamily;
  font-weight: 400;
  font-size: 0.75rem;
  line-height: 2.66;
  text-transform: uppercase;
  text-transform: none;
}

.emotion-42 {
  grid-area: source;
  display: -webkit-box;
  display: -webkit-flex;
  display: -ms-flexbox;
  display: flex;
}

@media (min-width:0px) {
  .emotion-42 {
    -webkit-box-pack: center;
    -ms-flex-pack: center;
    -webkit-justify-content: center;
    justify-content: center;
    -webkit-align-items: center;
    -webkit-box-align: center;
    -ms-flex-align: center;
    align-items: center;
  }
}

@media (min-width:600px) {
  .emotion-42 {
    -webkit-box-pack: end;
    -ms-flex-pack: end;
    -webkit-justify-content: flex-end;
    justify-content: flex-end;
    -webkit-align-items: flex-end;
    -webkit-box-align: flex-end;
    -ms-flex-align: flex-end;
    align-items: flex-end;
  }
}

.emotion-43 {
  margin: 0;
  font-family: fontFamily;
  font-weight: 400;
  font-size: 0.75rem;
  line-height: 2.66;
  text-transform: uppercase;
  display: -webkit-box;
  display: -webkit-flex;
  display: -ms-flexbox;
  display: flex;
}

.emotion-44 {
  margin: 0;
  font: inherit;
  line-height: inherit;
  letter-spacing: inherit;
  color: #fa2742;
  -webkit-text-decoration: none;
  text-decoration: none;
  color: #f8faf3;
}

.emotion-44:hover {
  -webkit-text-decoration: underline;
  text-decoration: underline;
}

.emotion-45 {
  display: -webkit-inline-box;
  display: -webkit-inline-flex;
  display: -ms-inline-flexbox;
  display: inline-flex;
  -webkit-align-items: center;
  -webkit-box-align: center;
  -ms-flex-align: center;
  align-items: center;
  -webkit-box-pack: center;
  -ms-flex-pack: center;
  -webkit-justify-content: center;
  justify-content: center;
  position: relative;
  box-sizing: border-box;
  -webkit-tap-highlight-color: transparent;
  background-color: transparent;
  outline: 0;
  border: 0;
  margin: 0;
  border-radius: 0;
  padding: 0;
  cursor: pointer;
  -webkit-user-select: none;
  -moz-user-select: none;
  -ms-user-select: none;
  user-select: none;
  vertical-align: middle;
  -moz-appearance: none;
  -webkit-appearance: none;
  -webkit-text-decoration: none;
  text-decoration: none;
  color: inherit;
  font-family: fontFamily;
  font-weight: 500;
  font-size: 0.875rem;
  line-height: 1.75;
  text-transform: uppercase;
  min-width: 64px;
  padding: 6px 16px;
  border: 0;
  border-radius: 4px;
  -webkit-transition: background-color 250ms cubic-bezier(0.4, 0, 0.2, 1) 0ms,box-shadow 250ms cubic-bezier(0.4, 0, 0.2, 1) 0ms,border-color 250ms cubic-bezier(0.4, 0, 0.2, 1) 0ms,color 250ms cubic-bezier(0.4, 0, 0.2, 1) 0ms;
  transition: background-color 250ms cubic-bezier(0.4, 0, 0.2, 1) 0ms,box-shadow 250ms cubic-bezier(0.4, 0, 0.2, 1) 0ms,border-color 250ms cubic-bezier(0.4, 0, 0.2, 1) 0ms,color 250ms cubic-bezier(0.4, 0, 0.2, 1) 0ms;
  padding: 6px 8px;
  color: var(--variant-textColor);
  background-color: var(--variant-textBg);
  --variant-textColor: #fa2742;
  --variant-outlinedColor: #fa2742;
  --variant-outlinedBorder: rgba(250, 39, 66, 0.5);
  --variant-containedColor: #fff;
  --variant-containedBg: #fa2742;
  padding: 4px 5px;
  font-size: 0.8125rem;
  -webkit-transition: background-color 250ms cubic-bezier(0.4, 0, 0.2, 1) 0ms,box-shadow 250ms cubic-bezier(0.4, 0, 0.2, 1) 0ms,border-color 250ms cubic-bezier(0.4, 0, 0.2, 1) 0ms;
  transition: background-color 250ms cubic-bezier(0.4, 0, 0.2, 1) 0ms,box-shadow 250ms cubic-bezier(0.4, 0, 0.2, 1) 0ms,border-color 250ms cubic-bezier(0.4, 0, 0.2, 1) 0ms;
  color: inherit;
  font-size: inherit;
  padding: 0px;
}

.emotion-45::-moz-focus-inner {
  border-style: none;
}

.emotion-45.Mui-disabled {
  pointer-events: none;
  cursor: default;
}

@media print {
  .emotion-45 {
    -webkit-print-color-adjust: exact;
    color-adjust: exact;
  }
}

.emotion-45:hover {
  -webkit-text-decoration: none;
  text-decoration: none;
}

.emotion-45.Mui-disabled {
  color: rgba(0, 0, 0, 0.26);
}

@media (hover: hover) {
  .emotion-45:hover {
    --variant-containedBg: rgb(175, 27, 46);
    --variant-textBg: rgba(250, 39, 66, 0.04);
    --variant-outlinedBorder: #fa2742;
    --variant-outlinedBg: rgba(250, 39, 66, 0.04);
  }
}

.emotion-45.MuiButton-loading {
  color: transparent;
}

<div>
  <nav
    class="MuiBox-root emotion-0"
  >
    <a
      href="#main-content"
    >
      Skip to main content
    </a>
    <a
      href="#main-navigation"
    >
      Skip to navigation
    </a>
    <a
      href="#footer"
    >
      Skip to footer
    </a>
  </nav>
  <header
    class="MuiPaper-root MuiPaper-elevation MuiPaper-elevation4 MuiAppBar-root MuiAppBar-colorPrimary MuiAppBar-positionFixed mui-fixed emotion-1"
    data-testid="header"
    style="--Paper-shadow: 0px 2px 4px -1px rgba(0,0,0,0.2),0px 4px 5px 0px rgba(0,0,0,0.14),0px 1px 10px 0px rgba(0,0,0,0.12);"
  >
    <div
      class="MuiBox-root emotion-2"
      data-testid="header-logo"
    >
      <a
        class="MuiTypography-root MuiTypography-inherit MuiLink-root MuiLink-underlineHover emotion-3"
        href="/"
      >
        <span
          class="MuiBox-root emotion-4"
          data-testid="visually-hidden"
        >
          Home
        </span>
      </a>
    </div>
    <nav
      aria-label="Main Navigation"
      data-testid="header-nav"
      id="main-navigation"
    >
      <ul
        class="MuiList-root MuiList-padding emotion-5"
      >
        <li
          class="MuiListItem-root MuiListItem-gutters MuiListItem-padding emotion-6"
        >
          <a
            class="MuiTypography-root MuiTypography-inherit MuiLink-root MuiLink-underlineHover emotion-7"
            href="/work"
          >
            Work
          </a>
        </li>
        <li
          class="MuiListItem-root MuiListItem-gutters MuiListItem-padding emotion-6"
        >
          <a
            class="MuiTypography-root MuiTypography-inherit MuiLink-root MuiLink-underlineHover emotion-7"
            href="/about"
          >
            About
          </a>
        </li>
        <li
          class="MuiListItem-root MuiListItem-gutters MuiListItem-padding emotion-6"
        >
          <a
            aria-current="page"
            class="MuiTypography-root MuiTypography-inherit MuiLink-root MuiLink-underlineHover emotion-11"
            href="/contact"
          >
            Contact
          </a>
        </li>
        <li
          class="MuiListItem-root MuiListItem-gutters MuiListItem-padding emotion-6"
        >
          <a
            class="MuiTypography-root MuiTypography-inherit MuiLink-root MuiLink-underlineHover emotion-7"
            href="/"
          >
            Home
          </a>
        </li>
      </ul>
    </nav>
  </header>
  <main
    class="MuiContainer-root MuiContainer-maxWidthLg emotion-14"
    id="main-content"
  >
    <div
      class="MuiContainer-root MuiContainer-maxWidthLg emotion-15"
      data-testid="image-container"
    >
      <div
        class="MuiBox-root emotion-16"
        data-testid="image-background-container"
      >
        <div
          class="MuiBox-root emotion-17"
          data-testid="swiss-plant-image"
        >
          <img
            alt="Decorative Swiss guava plant background image"
            data-nimg="fill"
            data-testid="bg-image"
            decoding="async"
            loading="lazy"
            sizes="50vw"
            src="https://res.cloudinary.com/nicholeuf/image/upload/o_30/c_scale,w_3840/f_auto/q_auto/v1/zensite/lucila-naves-swiss-guava?_a=BAVAZGID0"
            srcset="https://res.cloudinary.com/nicholeuf/image/upload/o_30/c_scale,w_384/f_auto/q_auto/v1/zensite/lucila-naves-swiss-guava?_a=BAVAZGID0 384w, https://res.cloudinary.com/nicholeuf/image/upload/o_30/c_scale,w_640/f_auto/q_auto/v1/zensite/lucila-naves-swiss-guava?_a=BAVAZGID0 640w, https://res.cloudinary.com/nicholeuf/image/upload/o_30/c_scale,w_750/f_auto/q_auto/v1/zensite/lucila-naves-swiss-guava?_a=BAVAZGID0 750w, https://res.cloudinary.com/nicholeuf/image/upload/o_30/c_scale,w_828/f_auto/q_auto/v1/zensite/lucila-naves-swiss-guava?_a=BAVAZGID0 828w, https://res.cloudinary.com/nicholeuf/image/upload/o_30/c_scale,w_1080/f_auto/q_auto/v1/zensite/lucila-naves-swiss-guava?_a=BAVAZGID0 1080w, https://res.cloudinary.com/nicholeuf/image/upload/o_30/c_scale,w_1200/f_auto/q_auto/v1/zensite/lucila-naves-swiss-guava?_a=BAVAZGID0 1200w, https://res.cloudinary.com/nicholeuf/image/upload/o_30/c_scale,w_1920/f_auto/q_auto/v1/zensite/lucila-naves-swiss-guava?_a=BAVAZGID0 1920w, https://res.cloudinary.com/nicholeuf/image/upload/o_30/c_scale,w_2048/f_auto/q_auto/v1/zensite/lucila-naves-swiss-guava?_a=BAVAZGID0 2048w, https://res.cloudinary.com/nicholeuf/image/upload/o_30/c_scale,w_3840/f_auto/q_auto/v1/zensite/lucila-naves-swiss-guava?_a=BAVAZGID0 3840w"
            style="position: absolute; height: 100%; width: 100%; left: 0px; top: 0px; right: 0px; bottom: 0px; object-fit: contain; color: transparent; overflow: hidden; z-index: -1;"
          />
        </div>
      </div>
      <div
        class="MuiBox-root emotion-18"
        data-testid="image-container-content"
      >
        <div
          class="MuiBox-root emotion-19"
        >
          <div
            class="MuiBox-root emotion-20"
          >
            <h1
              class="MuiTypography-root MuiTypography-h1 MuiTypography-gutterBottom emotion-21"
            >
              Contact
            </h1>
            <p
              class="MuiTypography-root MuiTypography-body2 emotion-22"
              data-testid="contact-copy"
            >
              Please connect with me on 
              <a
                aria-label="LinkedIn (opens in new window)"
                class="MuiTypography-root MuiTypography-inherit MuiLink-root MuiLink-underlineHover emotion-23"
                href="https://www.linkedin.com/in/nicholeuf"
                rel="noopener noreferrer"
                target="_blank"
              >
                LinkedIn
              </a>
              . I look forward to hearing from you!
            </p>
          </div>
        </div>
      </div>
    </div>
  </main>
  <footer
    class="MuiBox-root emotion-24"
    data-testid="footer"
    id="footer"
  >
    <div
      class="MuiBox-root emotion-25"
    >
      <div
        class="MuiBox-root emotion-26"
      >
        <nav
          aria-label="External Navigation"
          class="MuiBox-root emotion-27"
          data-testid="footer-nav"
        >
          <ul
            class="MuiList-root MuiList-padding emotion-28"
          >
            <li
              class="MuiListItem-root MuiListItem-gutters MuiListItem-padding emotion-29"
            >
              <a
                aria-label="LinkedIn (opens in new window)"
                class="MuiTypography-root MuiTypography-inherit MuiLink-root MuiLink-underlineHover emotion-30"
                href="https://www.linkedin.com/in/nicholeuf"
                rel="noopener noreferrer"
                target="_blank"
              >
                <button
                  class="MuiButtonBase-root MuiIconButton-root MuiIconButton-sizeMedium emotion-31"
                  tabindex="0"
                  type="button"
                >
                  <svg
                    aria-hidden="true"
                    class="MuiSvgIcon-root MuiSvgIcon-fontSizeMedium emotion-32"
                    data-testid="LinkedInIcon"
                    focusable="false"
                    viewBox="0 0 24 24"
                  >
                    <path
                      d="M19 3a2 2 0 0 1 2 2v14a2 2 0 0 1-2 2H5a2 2 0 0 1-2-2V5a2 2 0 0 1 2-2h14m-.5 15.5v-5.3a3.26 3.26 0 0 0-3.26-3.26c-.85 0-1.84.52-2.32 1.3v-1.11h-2.79v8.37h2.79v-4.93c0-.77.62-1.4 1.39-1.4a1.4 1.4 0 0 1 1.4 1.4v4.93h2.79M6.88 8.56a1.68 1.68 0 0 0 1.68-1.68c0-.93-.75-1.69-1.68-1.69a1.69 1.69 0 0 0-1.69 1.69c0 .93.76 1.68 1.69 1.68m1.39 9.94v-8.37H5.5v8.37h2.77z"
                    />
                  </svg>
                </button>
              </a>
            </li>
            <li
              class="MuiListItem-root MuiListItem-gutters MuiListItem-padding emotion-29"
            >
              <a
                aria-label="GitHub (opens in new window)"
                class="MuiTypography-root MuiTypography-inherit MuiLink-root MuiLink-underlineHover emotion-30"
                href="https://github.com/nicholeuf"
                rel="noopener noreferrer"
                target="_blank"
              >
                <button
                  class="MuiButtonBase-root MuiIconButton-root MuiIconButton-sizeMedium emotion-31"
                  tabindex="0"
                  type="button"
                >
                  <svg
                    aria-hidden="true"
                    class="MuiSvgIcon-root MuiSvgIcon-fontSizeMedium emotion-32"
                    data-testid="GitHubIcon"
                    focusable="false"
                    viewBox="0 0 24 24"
                  >
                    <path
                      d="M12 1.27a11 11 0 00-3.48 21.46c.55.09.73-.28.73-.55v-1.84c-3.03.64-3.67-1.46-3.67-1.46-.55-1.29-1.28-1.65-1.28-1.65-.92-.65.1-.65.1-.65 1.1 0 1.73 1.1 1.73 1.1.92 1.65 2.57 1.2 3.21.92a2 2 0 01.64-1.47c-2.47-.27-5.04-1.19-5.04-5.5 0-1.1.46-2.1 1.2-2.84a3.76 3.76 0 010-2.93s.91-.28 3.11 1.1c1.8-.49 3.7-.49 5.5 0 2.1-1.38 3.02-1.1 3.02-1.1a3.76 3.76 0 010 2.93c.83.74 1.2 1.74 1.2 2.94 0 4.21-2.57 5.13-5.04 5.4.45.37.82.92.82 2.02v3.03c0 .27.1.64.73.55A11 11 0 0012 1.27"
                    />
                  </svg>
                </button>
              </a>
            </li>
          </ul>
        </nav>
      </div>
      <div
        class="MuiBox-root emotion-37"
      >
        <p
          class="MuiTypography-root MuiTypography-sacramento emotion-38"
        >
          Made with
           
          <span
            class="MuiTypography-root MuiTypography-body1 emotion-39"
          >
            ♥
          </span>
           
          by Nichole Frey
        </p>
      </div>
      <div
        class="MuiBox-root emotion-40"
      >
        <p
          class="MuiTypography-root MuiTypography-overline emotion-41"
        >
          Copyright © 
          2025
           -
           
          <strong>
            All Rights Reserved
          </strong>
        </p>
      </div>
      <div
        class="MuiBox-root emotion-42"
      >
        <p
          class="MuiTypography-root MuiTypography-overline emotion-43"
        >
          <a
            aria-label="View Source Code"
            class="MuiTypography-root MuiTypography-inherit MuiLink-root MuiLink-underlineHover emotion-44"
            href="https://github.com/nicholeuf/zen-site-next"
            rel="noopener noreferrer"
            target="_blank"
          >
            view source code
          </a>
           | 
          <button
            aria-label="View credits and acknowledgments"
            class="MuiButtonBase-root MuiButton-root MuiButton-text MuiButton-textPrimary MuiButton-sizeSmall MuiButton-textSizeSmall MuiButton-colorPrimary MuiButton-root MuiButton-text MuiButton-textPrimary MuiButton-sizeSmall MuiButton-textSizeSmall MuiButton-colorPrimary emotion-45"
            tabindex="0"
            type="button"
          >
            View Credits
          </button>
        </p>
      </div>
    </div>
  </footer>
</div>
`;
