// Jest Snapshot v1, https://goo.gl/fbAQLP

exports[`The Not Found (404) Page has expected snapshot 1`] = `
[
  .emotion-0 {
  background-color: #fff;
  color: rgba(0, 0, 0, 0.87);
  -webkit-transition: box-shadow 300ms cubic-bezier(0.4, 0, 0.2, 1) 0ms;
  transition: box-shadow 300ms cubic-bezier(0.4, 0, 0.2, 1) 0ms;
  box-shadow: 0px 2px 4px -1px rgba(0,0,0,0.2),0px 4px 5px 0px rgba(0,0,0,0.14),0px 1px 10px 0px rgba(0,0,0,0.12);
  display: -webkit-box;
  display: -webkit-flex;
  display: -ms-flexbox;
  display: flex;
  -webkit-flex-direction: column;
  -ms-flex-direction: column;
  flex-direction: column;
  width: 100%;
  box-sizing: border-box;
  -webkit-flex-shrink: 0;
  -ms-flex-negative: 0;
  flex-shrink: 0;
  position: fixed;
  z-index: 1100;
  top: 0;
  left: auto;
  right: 0;
  background-color: #FA2742;
  color: #fff;
  background-color: #E8EAE3;
  border: 8px solid;
  border-color: #373833;
  min-height: 60px;
  height: 60px;
  font-weight: 700;
  display: -webkit-box;
  display: -webkit-flex;
  display: -ms-flexbox;
  display: flex;
  -webkit-flex-direction: row;
  -ms-flex-direction: row;
  flex-direction: row;
  -webkit-box-pack: justify;
  -webkit-justify-content: space-between;
  justify-content: space-between;
  -webkit-align-items: center;
  -webkit-box-align: center;
  -ms-flex-align: center;
  align-items: center;
  box-shadow: none;
}

@media print {
  .emotion-0 {
    position: absolute;
  }
}

.emotion-1 {
  font-family: fontFamily;
  font-size: 30px;
  height: 100%;
  width: 60px;
  border-right: 8px solid;
  border-right-color: #373833;
  display: -webkit-box;
  display: -webkit-flex;
  display: -ms-flexbox;
  display: flex;
  -webkit-box-pack: center;
  -ms-flex-pack: center;
  -webkit-justify-content: center;
  justify-content: center;
  -webkit-align-items: center;
  -webkit-box-align: center;
  -ms-flex-align: center;
  align-items: center;
}

.emotion-1:hover {
  cursor: pointer;
}

.emotion-2 {
  margin: 0;
  font: inherit;
  color: #FA2742;
  -webkit-text-decoration: none;
  text-decoration: none;
  color: #373833;
  width: 100%;
  text-align: center;
}

.emotion-2:hover {
  -webkit-text-decoration: underline;
  text-decoration: underline;
}

.emotion-2:hover {
  color: rgb(251, 82, 103);
  -webkit-text-decoration: none;
  text-decoration: none;
}

.emotion-2::before {
  content: "nf";
}

.emotion-3 {
  position: absolute;
  width: 1px;
  height: 1px;
  padding: 0px;
  margin: -1px;
  overflow: hidden;
  clip: rect(0, 0, 0, 0);
  border: 0px solid;
}

.emotion-4 {
  list-style: none;
  margin: 0;
  padding: 0;
  position: relative;
  padding-top: 8px;
  padding-bottom: 8px;
  list-style: none;
  display: -webkit-box;
  display: -webkit-flex;
  display: -ms-flexbox;
  display: flex;
}

.emotion-5 {
  display: -webkit-box;
  display: -webkit-flex;
  display: -ms-flexbox;
  display: flex;
  -webkit-box-pack: start;
  -ms-flex-pack: start;
  -webkit-justify-content: flex-start;
  justify-content: flex-start;
  -webkit-align-items: center;
  -webkit-box-align: center;
  -ms-flex-align: center;
  align-items: center;
  position: relative;
  -webkit-text-decoration: none;
  text-decoration: none;
  width: 100%;
  box-sizing: border-box;
  text-align: left;
  padding-top: 8px;
  padding-bottom: 8px;
  padding-left: 16px;
  padding-right: 16px;
  -webkit-transition: -webkit-transform 0.25s ease;
  transition: transform 0.25s ease;
}

.emotion-5.Mui-focusVisible {
  background-color: rgba(0, 0, 0, 0.12);
}

.emotion-5.Mui-selected {
  background-color: rgba(250, 39, 66, 0.08);
}

.emotion-5.Mui-selected.Mui-focusVisible {
  background-color: rgba(250, 39, 66, 0.2);
}

.emotion-5.Mui-disabled {
  opacity: 0.38;
}

.emotion-5:hover {
  -webkit-transform: scale(1.2);
  -moz-transform: scale(1.2);
  -ms-transform: scale(1.2);
  transform: scale(1.2);
}

.emotion-6 {
  margin: 0;
  font: inherit;
  color: #FA2742;
  -webkit-text-decoration: none;
  text-decoration: none;
  box-sizing: border-box;
  letter-spacing: 1.25px;
  height: 100%;
  -webkit-text-decoration: none;
  text-decoration: none;
  color: #373833;
  -webkit-transition: color 0.25s ease;
  transition: color 0.25s ease;
}

.emotion-6:hover {
  -webkit-text-decoration: underline;
  text-decoration: underline;
}

.emotion-6:hover {
  color: rgb(251, 82, 103);
  -webkit-text-decoration: none;
  text-decoration: none;
}

<header
    className="MuiPaper-root MuiPaper-elevation MuiPaper-elevation4 MuiAppBar-root MuiAppBar-colorPrimary MuiAppBar-positionFixed mui-fixed emotion-0"
    data-testid="header"
  >
    <div
      className="MuiBox-root emotion-1"
      data-testid="header-logo"
    >
      <a
        className="MuiTypography-root MuiTypography-inherit MuiLink-root MuiLink-underlineHover emotion-2"
        href="/"
        onBlur={[Function]}
        onFocus={[Function]}
      >
        <span
          className="MuiBox-root emotion-3"
          data-testid="visually-hidden"
        >
          Home
        </span>
      </a>
    </div>
    <nav
      aria-label="Main Navigation"
      data-testid="header-nav"
    >
      <ul
        className="MuiList-root MuiList-padding emotion-4"
      >
        <li
          className="MuiListItem-root MuiListItem-gutters MuiListItem-padding emotion-5"
          disabled={false}
        >
          <a
            className="MuiTypography-root MuiTypography-inherit MuiLink-root MuiLink-underlineHover emotion-6"
            href="/work"
            onBlur={[Function]}
            onFocus={[Function]}
          >
            Work
          </a>
        </li>
        <li
          className="MuiListItem-root MuiListItem-gutters MuiListItem-padding emotion-5"
          disabled={false}
        >
          <a
            className="MuiTypography-root MuiTypography-inherit MuiLink-root MuiLink-underlineHover emotion-6"
            href="/about"
            onBlur={[Function]}
            onFocus={[Function]}
          >
            About
          </a>
        </li>
        <li
          className="MuiListItem-root MuiListItem-gutters MuiListItem-padding emotion-5"
          disabled={false}
        >
          <a
            className="MuiTypography-root MuiTypography-inherit MuiLink-root MuiLink-underlineHover emotion-6"
            href="/contact"
            onBlur={[Function]}
            onFocus={[Function]}
          >
            Contact
          </a>
        </li>
        <li
          className="MuiListItem-root MuiListItem-gutters MuiListItem-padding emotion-5"
          disabled={false}
        >
          <a
            className="MuiTypography-root MuiTypography-inherit MuiLink-root MuiLink-underlineHover emotion-6"
            href="/"
            onBlur={[Function]}
            onFocus={[Function]}
          >
            Home
          </a>
        </li>
      </ul>
    </nav>
  </header>,
  .emotion-0 {
  width: 100%;
  margin-left: auto;
  box-sizing: border-box;
  margin-right: auto;
  display: block;
  padding-left: 16px;
  padding-right: 16px;
  margin-top: 60px;
  min-height: calc(var(--viewport-height) - 60px - 175px);
  padding: 0!important;
  max-width: 100%!important;
}

@media (min-width:600px) {
  .emotion-0 {
    padding-left: 24px;
    padding-right: 24px;
  }
}

@media (min-width:1200px) {
  .emotion-0 {
    max-width: 1200px;
  }
}

.emotion-1 {
  width: 100%;
  margin-left: auto;
  box-sizing: border-box;
  margin-right: auto;
  display: block;
  padding-left: 16px;
  padding-right: 16px;
  display: -webkit-box;
  display: -webkit-flex;
  display: -ms-flexbox;
  display: flex;
  -webkit-align-items: center;
  -webkit-box-align: center;
  -ms-flex-align: center;
  align-items: center;
  min-height: calc(var(--viewport-height) - 60px - 175px);
  position: relative;
  overflow: hidden;
  padding-top: 16px;
  padding-bottom: 16px;
}

@media (min-width:600px) {
  .emotion-1 {
    padding-left: 24px;
    padding-right: 24px;
  }
}

@media (min-width:1200px) {
  .emotion-1 {
    max-width: 1200px;
  }
}

.emotion-2 {
  height: 100%;
  display: -webkit-box;
  display: -webkit-flex;
  display: -ms-flexbox;
  display: flex;
  -webkit-flex-direction: column;
  -ms-flex-direction: column;
  flex-direction: column;
  -webkit-box-pack: center;
  -ms-flex-pack: center;
  -webkit-justify-content: center;
  justify-content: center;
}

@media (min-width:900px) {
  .emotion-2 {
    margin-left: 80px;
  }
}

.emotion-3 {
  margin: 0;
  font-family: fontFamily;
  font-weight: 300;
  font-size: 3.5rem;
  line-height: 1.167;
  margin-bottom: 0.35em;
}

@media (min-width:600px) {
  .emotion-3 {
    font-size: 4.7129rem;
  }
}

@media (min-width:900px) {
  .emotion-3 {
    font-size: 5.3556rem;
  }
}

@media (min-width:1200px) {
  .emotion-3 {
    font-size: 5.9983rem;
  }
}

.emotion-4 {
  margin: 0;
  font-family: fontFamily;
  font-weight: 400;
  font-size: 1rem;
  line-height: 1.5;
}

.emotion-5 {
  margin: 0;
  font: inherit;
  color: #FA2742;
  -webkit-text-decoration: none;
  text-decoration: none;
}

.emotion-5:hover {
  -webkit-text-decoration: underline;
  text-decoration: underline;
}

<main
    className="MuiContainer-root MuiContainer-maxWidthLg emotion-0"
  >
    <div
      className="MuiContainer-root MuiContainer-maxWidthLg emotion-1"
      data-testid="not-found-page"
    >
      <img
        alt=""
        data-nimg="1"
        data-testid="plant-image-factor-1"
        decoding="async"
        height={261}
        loading="lazy"
        onError={[Function]}
        onLoad={[Function]}
        src="https://res.cloudinary.com/nicholeuf/image/upload/o_40/c_fill,w_750,h_533,g_auto/f_auto/q_auto/v1/zensite/dizzy-plant-chlorophytum?_a=BAVAZGDW0"
        srcSet="https://res.cloudinary.com/nicholeuf/image/upload/o_40/c_fill,w_384,h_273,g_auto/f_auto/q_auto/v1/zensite/dizzy-plant-chlorophytum?_a=BAVAZGDW0 1x, https://res.cloudinary.com/nicholeuf/image/upload/o_40/c_fill,w_750,h_533,g_auto/f_auto/q_auto/v1/zensite/dizzy-plant-chlorophytum?_a=BAVAZGDW0 2x"
        style={
          {
            "color": "transparent",
            "overflow": "hidden",
            "position": "absolute",
            "right": "10px",
            "top": "10px",
            "zIndex": -1,
          }
        }
        width={367}
      />
      <div
        className="MuiBox-root emotion-2"
      >
        <h1
          className="MuiTypography-root MuiTypography-h1 MuiTypography-gutterBottom emotion-3"
        >
          Sorry
        </h1>
        <p
          className="MuiTypography-root MuiTypography-body1 emotion-4"
          data-testid="not-found-copy"
        >
          The page 
          <strong>
            /figs
          </strong>
           could not be found. Would you like to go to the 
          <a
            className="MuiTypography-root MuiTypography-inherit MuiLink-root MuiLink-underlineHover emotion-5"
            href="/"
            onBlur={[Function]}
            onFocus={[Function]}
          >
            Home Page
          </a>
          ?
        </p>
      </div>
    </div>
  </main>,
  .emotion-0 {
  background-color: #373833;
  color: #E8EAE3;
  height: 175px;
  padding: 16px;
  display: -webkit-box;
  display: -webkit-flex;
  display: -ms-flexbox;
  display: flex;
  -webkit-box-pack: center;
  -ms-flex-pack: center;
  -webkit-justify-content: center;
  justify-content: center;
  -webkit-align-items: center;
  -webkit-box-align: center;
  -ms-flex-align: center;
  align-items: center;
}

.emotion-1 {
  max-width: 600px;
  display: grid;
  gap: 4px;
  text-align: center;
  height: 100%;
  width: 100%;
}

@media (min-width:0px) {
  .emotion-1 {
    grid-template-areas: "nav" "madeby" "copyright" "source";
  }
}

@media (min-width:600px) {
  .emotion-1 {
    grid-template-areas: "nav madeby" "nav copyright" "nav source";
  }
}

.emotion-2 {
  grid-area: nav;
  display: -webkit-box;
  display: -webkit-flex;
  display: -ms-flexbox;
  display: flex;
  -webkit-align-items: center;
  -webkit-box-align: center;
  -ms-flex-align: center;
  align-items: center;
  width: 100%;
  height: 100%;
}

@media (min-width:0px) {
  .emotion-2 {
    -webkit-box-pack: center;
    -ms-flex-pack: center;
    -webkit-justify-content: center;
    justify-content: center;
  }
}

@media (min-width:600px) {
  .emotion-2 {
    -webkit-box-pack: start;
    -ms-flex-pack: start;
    -webkit-justify-content: flex-start;
    justify-content: flex-start;
  }
}

.emotion-3 {
  width: 25%;
  height: 100%;
}

.emotion-4 {
  list-style: none;
  margin: 0;
  padding: 0;
  position: relative;
  padding-top: 8px;
  padding-bottom: 8px;
  list-style: none;
  display: -webkit-box;
  display: -webkit-flex;
  display: -ms-flexbox;
  display: flex;
  -webkit-box-pack: center;
  -ms-flex-pack: center;
  -webkit-justify-content: center;
  justify-content: center;
  -webkit-align-items: center;
  -webkit-box-align: center;
  -ms-flex-align: center;
  align-items: center;
  width: 100%;
  height: 100%;
  padding: 0px;
}

@media (min-width:0px) {
  .emotion-4 {
    -webkit-flex-direction: row;
    -ms-flex-direction: row;
    flex-direction: row;
  }
}

@media (min-width:600px) {
  .emotion-4 {
    -webkit-flex-direction: column;
    -ms-flex-direction: column;
    flex-direction: column;
  }
}

.emotion-5 {
  display: -webkit-box;
  display: -webkit-flex;
  display: -ms-flexbox;
  display: flex;
  -webkit-box-pack: start;
  -ms-flex-pack: start;
  -webkit-justify-content: flex-start;
  justify-content: flex-start;
  -webkit-align-items: center;
  -webkit-box-align: center;
  -ms-flex-align: center;
  align-items: center;
  position: relative;
  -webkit-text-decoration: none;
  text-decoration: none;
  width: 100%;
  box-sizing: border-box;
  text-align: left;
  padding-top: 8px;
  padding-bottom: 8px;
  padding-left: 16px;
  padding-right: 16px;
  padding: 0px;
  display: -webkit-box;
  display: -webkit-flex;
  display: -ms-flexbox;
  display: flex;
  -webkit-box-pack: center;
  -ms-flex-pack: center;
  -webkit-justify-content: center;
  justify-content: center;
  -webkit-align-items: center;
  -webkit-box-align: center;
  -ms-flex-align: center;
  align-items: center;
  -webkit-transition: -webkit-transform 0.25s ease;
  transition: transform 0.25s ease;
}

.emotion-5.Mui-focusVisible {
  background-color: rgba(0, 0, 0, 0.12);
}

.emotion-5.Mui-selected {
  background-color: rgba(250, 39, 66, 0.08);
}

.emotion-5.Mui-selected.Mui-focusVisible {
  background-color: rgba(250, 39, 66, 0.2);
}

.emotion-5.Mui-disabled {
  opacity: 0.38;
}

@media (min-width:0px) {
  .emotion-5 {
    margin: 8px;
  }
}

@media (min-width:600px) {
  .emotion-5 {
    margin: 24px;
  }
}

.emotion-5:hover {
  -webkit-transform: scale(1.2);
  -moz-transform: scale(1.2);
  -ms-transform: scale(1.2);
  transform: scale(1.2);
}

.emotion-6 {
  margin: 0;
  font: inherit;
  color: #FA2742;
  -webkit-text-decoration: none;
  text-decoration: none;
  -webkit-text-decoration: none;
  text-decoration: none;
  height: 100%;
  width: 100%;
  display: -webkit-box;
  display: -webkit-flex;
  display: -ms-flexbox;
  display: flex;
  -webkit-box-pack: center;
  -ms-flex-pack: center;
  -webkit-justify-content: center;
  justify-content: center;
  -webkit-align-items: center;
  -webkit-box-align: center;
  -ms-flex-align: center;
  align-items: center;
}

.emotion-6:hover {
  -webkit-text-decoration: underline;
  text-decoration: underline;
}

.emotion-7 {
  display: -webkit-inline-box;
  display: -webkit-inline-flex;
  display: -ms-inline-flexbox;
  display: inline-flex;
  -webkit-align-items: center;
  -webkit-box-align: center;
  -ms-flex-align: center;
  align-items: center;
  -webkit-box-pack: center;
  -ms-flex-pack: center;
  -webkit-justify-content: center;
  justify-content: center;
  position: relative;
  box-sizing: border-box;
  -webkit-tap-highlight-color: transparent;
  background-color: transparent;
  outline: 0;
  border: 0;
  margin: 0;
  border-radius: 0;
  padding: 0;
  cursor: pointer;
  -webkit-user-select: none;
  -moz-user-select: none;
  -ms-user-select: none;
  user-select: none;
  vertical-align: middle;
  -moz-appearance: none;
  -webkit-appearance: none;
  -webkit-text-decoration: none;
  text-decoration: none;
  color: inherit;
  text-align: center;
  -webkit-flex: 0 0 auto;
  -ms-flex: 0 0 auto;
  flex: 0 0 auto;
  font-size: 1.5rem;
  padding: 8px;
  border-radius: 50%;
  overflow: visible;
  color: rgba(0, 0, 0, 0.54);
  -webkit-transition: background-color 150ms cubic-bezier(0.4, 0, 0.2, 1) 0ms;
  transition: background-color 150ms cubic-bezier(0.4, 0, 0.2, 1) 0ms;
  padding: 0px;
}

.emotion-7::-moz-focus-inner {
  border-style: none;
}

.emotion-7.Mui-disabled {
  pointer-events: none;
  cursor: default;
}

@media print {
  .emotion-7 {
    -webkit-print-color-adjust: exact;
    color-adjust: exact;
  }
}

.emotion-7:hover {
  background-color: rgba(0, 0, 0, 0.04);
}

@media (hover: none) {
  .emotion-7:hover {
    background-color: transparent;
  }
}

.emotion-7.Mui-disabled {
  background-color: transparent;
  color: rgba(0, 0, 0, 0.26);
}

.emotion-8 {
  -webkit-user-select: none;
  -moz-user-select: none;
  -ms-user-select: none;
  user-select: none;
  width: 1em;
  height: 1em;
  display: inline-block;
  fill: currentColor;
  -webkit-flex-shrink: 0;
  -ms-flex-negative: 0;
  flex-shrink: 0;
  -webkit-transition: fill 200ms cubic-bezier(0.4, 0, 0.2, 1) 0ms;
  transition: fill 200ms cubic-bezier(0.4, 0, 0.2, 1) 0ms;
  font-size: 1.5rem;
  color: #E8EAE3;
}

.emotion-13 {
  grid-area: madeby;
  display: -webkit-box;
  display: -webkit-flex;
  display: -ms-flexbox;
  display: flex;
}

@media (min-width:0px) {
  .emotion-13 {
    -webkit-box-pack: center;
    -ms-flex-pack: center;
    -webkit-justify-content: center;
    justify-content: center;
    -webkit-align-items: center;
    -webkit-box-align: center;
    -ms-flex-align: center;
    align-items: center;
  }
}

@media (min-width:600px) {
  .emotion-13 {
    -webkit-box-pack: end;
    -ms-flex-pack: end;
    -webkit-justify-content: flex-end;
    justify-content: flex-end;
    -webkit-align-items: flex-end;
    -webkit-box-align: flex-end;
    -ms-flex-align: flex-end;
    align-items: flex-end;
  }
}

.emotion-14 {
  margin: 0;
  font-family: fontFamily;
  font-size: 26px;
}

@media (min-width:0px) {
  .emotion-14 {
    font-size: 24px;
  }
}

@media (min-width:600px) {
  .emotion-14 {
    font-size: 34px;
  }
}

.emotion-15 {
  margin: 0;
  font-family: fontFamily;
  font-weight: 400;
  font-size: 1rem;
  line-height: 1.5;
  display: inline;
  color: #FA2742;
}

.emotion-16 {
  grid-area: copyright;
  display: -webkit-box;
  display: -webkit-flex;
  display: -ms-flexbox;
  display: flex;
}

@media (min-width:0px) {
  .emotion-16 {
    -webkit-box-pack: center;
    -ms-flex-pack: center;
    -webkit-justify-content: center;
    justify-content: center;
    -webkit-align-items: center;
    -webkit-box-align: center;
    -ms-flex-align: center;
    align-items: center;
  }
}

@media (min-width:600px) {
  .emotion-16 {
    -webkit-box-pack: end;
    -ms-flex-pack: end;
    -webkit-justify-content: flex-end;
    justify-content: flex-end;
    -webkit-align-items: flex-end;
    -webkit-box-align: flex-end;
    -ms-flex-align: flex-end;
    align-items: flex-end;
  }
}

.emotion-17 {
  margin: 0;
  font-family: fontFamily;
  font-weight: 400;
  font-size: 0.75rem;
  line-height: 2.66;
  text-transform: uppercase;
  text-transform: none;
}

.emotion-18 {
  grid-area: source;
  display: -webkit-box;
  display: -webkit-flex;
  display: -ms-flexbox;
  display: flex;
}

@media (min-width:0px) {
  .emotion-18 {
    -webkit-box-pack: center;
    -ms-flex-pack: center;
    -webkit-justify-content: center;
    justify-content: center;
    -webkit-align-items: center;
    -webkit-box-align: center;
    -ms-flex-align: center;
    align-items: center;
  }
}

@media (min-width:600px) {
  .emotion-18 {
    -webkit-box-pack: end;
    -ms-flex-pack: end;
    -webkit-justify-content: flex-end;
    justify-content: flex-end;
    -webkit-align-items: flex-end;
    -webkit-box-align: flex-end;
    -ms-flex-align: flex-end;
    align-items: flex-end;
  }
}

.emotion-19 {
  margin: 0;
  font-family: fontFamily;
  font-weight: 400;
  font-size: 0.75rem;
  line-height: 2.66;
  text-transform: uppercase;
  display: -webkit-box;
  display: -webkit-flex;
  display: -ms-flexbox;
  display: flex;
}

.emotion-20 {
  margin: 0;
  font: inherit;
  color: #FA2742;
  -webkit-text-decoration: none;
  text-decoration: none;
  color: #E8EAE3;
}

.emotion-20:hover {
  -webkit-text-decoration: underline;
  text-decoration: underline;
}

.emotion-21 {
  display: -webkit-inline-box;
  display: -webkit-inline-flex;
  display: -ms-inline-flexbox;
  display: inline-flex;
  -webkit-align-items: center;
  -webkit-box-align: center;
  -ms-flex-align: center;
  align-items: center;
  -webkit-box-pack: center;
  -ms-flex-pack: center;
  -webkit-justify-content: center;
  justify-content: center;
  position: relative;
  box-sizing: border-box;
  -webkit-tap-highlight-color: transparent;
  background-color: transparent;
  outline: 0;
  border: 0;
  margin: 0;
  border-radius: 0;
  padding: 0;
  cursor: pointer;
  -webkit-user-select: none;
  -moz-user-select: none;
  -ms-user-select: none;
  user-select: none;
  vertical-align: middle;
  -moz-appearance: none;
  -webkit-appearance: none;
  -webkit-text-decoration: none;
  text-decoration: none;
  color: inherit;
  font-family: fontFamily;
  font-weight: 500;
  font-size: 0.8125rem;
  line-height: 1.75;
  text-transform: uppercase;
  min-width: 64px;
  padding: 4px 5px;
  border-radius: 4px;
  -webkit-transition: background-color 250ms cubic-bezier(0.4, 0, 0.2, 1) 0ms,box-shadow 250ms cubic-bezier(0.4, 0, 0.2, 1) 0ms,border-color 250ms cubic-bezier(0.4, 0, 0.2, 1) 0ms,color 250ms cubic-bezier(0.4, 0, 0.2, 1) 0ms;
  transition: background-color 250ms cubic-bezier(0.4, 0, 0.2, 1) 0ms,box-shadow 250ms cubic-bezier(0.4, 0, 0.2, 1) 0ms,border-color 250ms cubic-bezier(0.4, 0, 0.2, 1) 0ms,color 250ms cubic-bezier(0.4, 0, 0.2, 1) 0ms;
  color: #FA2742;
  color: inherit;
  font-size: inherit;
  padding: 0px;
}

.emotion-21::-moz-focus-inner {
  border-style: none;
}

.emotion-21.Mui-disabled {
  pointer-events: none;
  cursor: default;
}

@media print {
  .emotion-21 {
    -webkit-print-color-adjust: exact;
    color-adjust: exact;
  }
}

.emotion-21:hover {
  -webkit-text-decoration: none;
  text-decoration: none;
  background-color: rgba(250, 39, 66, 0.04);
}

@media (hover: none) {
  .emotion-21:hover {
    background-color: transparent;
  }
}

.emotion-21.Mui-disabled {
  color: rgba(0, 0, 0, 0.26);
}

<footer
    className="MuiBox-root emotion-0"
    data-testid="footer"
  >
    <div
      className="MuiBox-root emotion-1"
    >
      <div
        className="MuiBox-root emotion-2"
      >
        <nav
          aria-label="External Navigation"
          className="MuiBox-root emotion-3"
          data-testid="footer-nav"
        >
          <ul
            className="MuiList-root MuiList-padding emotion-4"
          >
            <li
              className="MuiListItem-root MuiListItem-gutters MuiListItem-padding emotion-5"
              disabled={false}
            >
              <a
                aria-label="LinkedIn (opens in new window)"
                className="MuiTypography-root MuiTypography-inherit MuiLink-root MuiLink-underlineHover emotion-6"
                href="https://www.linkedin.com/in/nicholeuf"
                onBlur={[Function]}
                onFocus={[Function]}
                rel="noopener"
                target="_blank"
              >
                <button
                  className="MuiButtonBase-root MuiIconButton-root MuiIconButton-sizeMedium emotion-7"
                  disabled={false}
                  onBlur={[Function]}
                  onContextMenu={[Function]}
                  onDragLeave={[Function]}
                  onFocus={[Function]}
                  onKeyDown={[Function]}
                  onKeyUp={[Function]}
                  onMouseDown={[Function]}
                  onMouseLeave={[Function]}
                  onMouseUp={[Function]}
                  onTouchEnd={[Function]}
                  onTouchMove={[Function]}
                  onTouchStart={[Function]}
                  tabIndex={0}
                  type="button"
                >
                  <svg
                    aria-hidden={true}
                    className="MuiSvgIcon-root MuiSvgIcon-fontSizeMedium emotion-8"
                    data-testid="LinkedInIcon"
                    focusable="false"
                    viewBox="0 0 24 24"
                  >
                    <path
                      d="M19 3a2 2 0 0 1 2 2v14a2 2 0 0 1-2 2H5a2 2 0 0 1-2-2V5a2 2 0 0 1 2-2h14m-.5 15.5v-5.3a3.26 3.26 0 0 0-3.26-3.26c-.85 0-1.84.52-2.32 1.3v-1.11h-2.79v8.37h2.79v-4.93c0-.77.62-1.4 1.39-1.4a1.4 1.4 0 0 1 1.4 1.4v4.93h2.79M6.88 8.56a1.68 1.68 0 0 0 1.68-1.68c0-.93-.75-1.69-1.68-1.69a1.69 1.69 0 0 0-1.69 1.69c0 .93.76 1.68 1.69 1.68m1.39 9.94v-8.37H5.5v8.37h2.77z"
                    />
                  </svg>
                </button>
              </a>
            </li>
            <li
              className="MuiListItem-root MuiListItem-gutters MuiListItem-padding emotion-5"
              disabled={false}
            >
              <a
                aria-label="GitHub (opens in new window)"
                className="MuiTypography-root MuiTypography-inherit MuiLink-root MuiLink-underlineHover emotion-6"
                href="https://github.com/nicholeuf"
                onBlur={[Function]}
                onFocus={[Function]}
                rel="noopener"
                target="_blank"
              >
                <button
                  className="MuiButtonBase-root MuiIconButton-root MuiIconButton-sizeMedium emotion-7"
                  disabled={false}
                  onBlur={[Function]}
                  onContextMenu={[Function]}
                  onDragLeave={[Function]}
                  onFocus={[Function]}
                  onKeyDown={[Function]}
                  onKeyUp={[Function]}
                  onMouseDown={[Function]}
                  onMouseLeave={[Function]}
                  onMouseUp={[Function]}
                  onTouchEnd={[Function]}
                  onTouchMove={[Function]}
                  onTouchStart={[Function]}
                  tabIndex={0}
                  type="button"
                >
                  <svg
                    aria-hidden={true}
                    className="MuiSvgIcon-root MuiSvgIcon-fontSizeMedium emotion-8"
                    data-testid="GitHubIcon"
                    focusable="false"
                    viewBox="0 0 24 24"
                  >
                    <path
                      d="M12 1.27a11 11 0 00-3.48 21.46c.55.09.73-.28.73-.55v-1.84c-3.03.64-3.67-1.46-3.67-1.46-.55-1.29-1.28-1.65-1.28-1.65-.92-.65.1-.65.1-.65 1.1 0 1.73 1.1 1.73 1.1.92 1.65 2.57 1.2 3.21.92a2 2 0 01.64-1.47c-2.47-.27-5.04-1.19-5.04-5.5 0-1.1.46-2.1 1.2-2.84a3.76 3.76 0 010-2.93s.91-.28 3.11 1.1c1.8-.49 3.7-.49 5.5 0 2.1-1.38 3.02-1.1 3.02-1.1a3.76 3.76 0 010 2.93c.83.74 1.2 1.74 1.2 2.94 0 4.21-2.57 5.13-5.04 5.4.45.37.82.92.82 2.02v3.03c0 .27.1.64.73.55A11 11 0 0012 1.27"
                    />
                  </svg>
                </button>
              </a>
            </li>
          </ul>
        </nav>
      </div>
      <div
        className="MuiBox-root emotion-13"
      >
        <p
          className="MuiTypography-root MuiTypography-sacramento emotion-14"
        >
          Made with
           
          <span
            className="MuiTypography-root MuiTypography-body1 emotion-15"
          >
            ♥
          </span>
           
          by Nichole Frey
        </p>
      </div>
      <div
        className="MuiBox-root emotion-16"
      >
        <p
          className="MuiTypography-root MuiTypography-overline emotion-17"
        >
          Copyright © 
          2025
           -
           
          <strong>
            All Rights Reserved
          </strong>
        </p>
      </div>
      <div
        className="MuiBox-root emotion-18"
      >
        <p
          className="MuiTypography-root MuiTypography-overline emotion-19"
        >
          <a
            aria-label="View Source Code"
            className="MuiTypography-root MuiTypography-inherit MuiLink-root MuiLink-underlineHover emotion-20"
            href="https://github.com/nicholeuf/zen-site-next"
            onBlur={[Function]}
            onFocus={[Function]}
            rel="noopener"
            target="_blank"
          >
            view source code
          </a>
           | 
          <button
            className="MuiButtonBase-root MuiButton-root MuiButton-text MuiButton-textPrimary MuiButton-sizeSmall MuiButton-textSizeSmall MuiButton-colorPrimary MuiButton-root MuiButton-text MuiButton-textPrimary MuiButton-sizeSmall MuiButton-textSizeSmall MuiButton-colorPrimary emotion-21"
            disabled={false}
            onBlur={[Function]}
            onClick={[Function]}
            onContextMenu={[Function]}
            onDragLeave={[Function]}
            onFocus={[Function]}
            onKeyDown={[Function]}
            onKeyUp={[Function]}
            onMouseDown={[Function]}
            onMouseLeave={[Function]}
            onMouseUp={[Function]}
            onTouchEnd={[Function]}
            onTouchMove={[Function]}
            onTouchStart={[Function]}
            tabIndex={0}
            type="button"
          >
            View Credits
          </button>
        </p>
      </div>
    </div>
  </footer>,
]
`;
